// Jest Snapshot v1, https://goo.gl/fbAQLP

exports[`Test SystemMessage Component match snapshot 1`] = `
<DocumentFragment>
  <div
    class="system-message"
  >
    <div
      class="show-time"
      data-testid="time"
    >
      2021-10-16 15:29
    </div>
    <div
      class="system-message-text"
    >
      You recalled a message
    </div>
  </div>
</DocumentFragment>
`;
